
The following have been reloaded with a version change:
  1) GCCcore/13.3.0 => GCCcore/14.3.0
  2) zlib/1.3.1-GCCcore-13.3.0 => zlib/1.3.1-GCCcore-14.3.0

Job  : 1190344
Host : gnx513.deucalion.macc.fccn.pt
Dir  : /projects/F202500010HPCVLABUMINHO/uminhocp015/EPICURE_HACK/raytracing-heterogeneous
Wed Apr 29 01:02:18 WEST 2026
-- The CXX compiler identification is NVHPC 25.9.0
-- Detecting CXX compiler ABI info
-- Detecting CXX compiler ABI info - done
-- Check for working CXX compiler: /eb/x86_64/software/nvidia-compilers/25.9-CUDA-12.9.1/Linux_x86_64/25.9/compilers/bin/nvc++ - skipped
-- Detecting CXX compile features
-- Detecting CXX compile features - done
-- Compiler ID: NVHPC
-- Release flags: -fast -O3 -DNDEBUG
-- Debug flags: -g -O0
-- OpenACC Target: NVIDIA GPU (A100)
-- Configuring done (3.9s)
-- Generating done (0.0s)
-- Build files have been written to: /projects/F202500010HPCVLABUMINHO/uminhocp015/EPICURE_HACK/raytracing-heterogeneous/build
[ 50%] Building CXX object CMakeFiles/inOneWeekend.dir/src/InOneWeekend/main.cc.o
nvc++-Warning- The -gpu=[no]managed option is deprecated; please use -gpu=mem:managed or -gpu=mem:separate instead
degrees_to_radians(double):
      1, include "rtweekend.h"
          17, Generating acc routine seq
              Generating NVIDIA GPU code
random_double_gpu(unsigned int&):
      1, include "rtweekend.h"
          27, Generating acc routine seq
              Generating NVIDIA GPU code
random_double_gpu(unsigned int&, double, double):
      1, include "rtweekend.h"
          33, Generating acc routine seq
              Generating NVIDIA GPU code
random_double(double, double):
      1, include "rtweekend.h"
operator+(vec3 const&, vec3 const&):
      1, include "rtweekend.h"
          45, include "color.h"
               15, include "vec3.h"
                    45, Generating implicit acc routine seq
                        Generating implicit acc routine seq
                        Generating NVIDIA GPU code
operator-(vec3 const&, vec3 const&):
      1, include "rtweekend.h"
          45, include "color.h"
               15, include "vec3.h"
                    48, Generating implicit acc routine seq
                        Generating implicit acc routine seq
                        Generating NVIDIA GPU code
operator*(vec3 const&, vec3 const&):
      1, include "rtweekend.h"
          45, include "color.h"
               15, include "vec3.h"
                    51, Generating implicit acc routine seq
                        Generating implicit acc routine seq
                        Generating NVIDIA GPU code
operator*(double, vec3 const&):
      1, include "rtweekend.h"
          45, include "color.h"
               15, include "vec3.h"
                    54, Generating implicit acc routine seq
                        Generating implicit acc routine seq
                        Generating NVIDIA GPU code
operator/(vec3 const&, double):
      1, include "rtweekend.h"
          45, include "color.h"
               15, include "vec3.h"
                    58, Generating implicit acc routine seq
                        Generating implicit acc routine seq
                        Generating NVIDIA GPU code
dot(vec3 const&, vec3 const&):
      1, include "rtweekend.h"
          45, include "color.h"
               15, include "vec3.h"
                    60, Generating implicit acc routine seq
                        Generating implicit acc routine seq
                        Generating NVIDIA GPU code
cross(vec3 const&, vec3 const&):
      1, include "rtweekend.h"
unit_vector(vec3 const&):
      1, include "rtweekend.h"
          45, include "color.h"
               15, include "vec3.h"
                    68, Generating implicit acc routine seq
                        Generating implicit acc routine seq
                        Generating NVIDIA GPU code
reflect(vec3 const&, vec3 const&):
      1, include "rtweekend.h"
          45, include "color.h"
               15, include "vec3.h"
                    70, Generating implicit acc routine seq
                        Generating implicit acc routine seq
                        Generating NVIDIA GPU code
refract(vec3 const&, vec3 const&, double):
      1, include "rtweekend.h"
          45, include "color.h"
               15, include "vec3.h"
                    73, Generating implicit acc routine seq
                        Generating implicit acc routine seq
                        Generating NVIDIA GPU code
random_in_unit_disk_gpu(unsigned int&):
      1, include "rtweekend.h"
          45, include "color.h"
               15, include "vec3.h"
                    82, Generating acc routine seq
                        Generating NVIDIA GPU code
random_unit_vector_gpu(unsigned int&):
      1, include "rtweekend.h"
          45, include "color.h"
               15, include "vec3.h"
                    90, Generating acc routine seq
                        Generating NVIDIA GPU code
interval::interval(double, double):
      1, include "rtweekend.h"
          45, include "color.h"
               14, include "interval.h"
                    20, Generating acc routine seq
                        Generating NVIDIA GPU code
interval::interval(double, double):
     20, Generating acc routine seq
         Generating NVIDIA GPU code
interval::surrounds(double) const:
      1, include "rtweekend.h"
          45, include "color.h"
               14, include "interval.h"
                    33, Generating acc routine seq
                        Generating NVIDIA GPU code
interval::clamp(double) const:
      1, include "rtweekend.h"
          45, include "color.h"
               14, include "interval.h"
                    38, Generating acc routine seq
                        Generating NVIDIA GPU code
vec3::vec3():
      1, include "rtweekend.h"
          45, include "color.h"
               15, include "vec3.h"
                     8, Generating implicit acc routine seq
                        Generating implicit acc routine seq
                        Generating NVIDIA GPU code
vec3::vec3(double, double, double):
      1, include "rtweekend.h"
          45, include "color.h"
               15, include "vec3.h"
                     9, Generating implicit acc routine seq
                        Generating implicit acc routine seq
                        Generating NVIDIA GPU code
vec3::x() const:
      1, include "rtweekend.h"
          45, include "color.h"
               15, include "vec3.h"
                    11, Generating implicit acc routine seq
                        Generating implicit acc routine seq
                        Generating NVIDIA GPU code
vec3::y() const:
      1, include "rtweekend.h"
          45, include "color.h"
               15, include "vec3.h"
                    12, Generating implicit acc routine seq
                        Generating implicit acc routine seq
                        Generating NVIDIA GPU code
vec3::operator-() const:
      1, include "rtweekend.h"
          45, include "color.h"
               15, include "vec3.h"
                    15, Generating implicit acc routine seq
                        Generating implicit acc routine seq
                        Generating NVIDIA GPU code
vec3::operator[](int):
      1, include "rtweekend.h"
          45, include "color.h"
               15, include "vec3.h"
                    17, Generating implicit acc routine seq
                        Generating implicit acc routine seq
                        Generating NVIDIA GPU code
vec3::operator+=(vec3 const&):
      1, include "rtweekend.h"
          45, include "color.h"
               15, include "vec3.h"
                    19, Generating implicit acc routine seq
                        Generating implicit acc routine seq
                        Generating NVIDIA GPU code
vec3::length() const:
      1, include "rtweekend.h"
          45, include "color.h"
               15, include "vec3.h"
                    26, Generating implicit acc routine seq
                        Generating implicit acc routine seq
                        Generating NVIDIA GPU code
vec3::length_squared() const:
      1, include "rtweekend.h"
          45, include "color.h"
               15, include "vec3.h"
                    27, Generating implicit acc routine seq
                        Generating implicit acc routine seq
                        Generating NVIDIA GPU code
vec3::near_zero() const:
      1, include "rtweekend.h"
          45, include "color.h"
               15, include "vec3.h"
                    29, Generating implicit acc routine seq
                        Generating implicit acc routine seq
                        Generating NVIDIA GPU code
vec3::random(double, double):
      1, include "rtweekend.h"
          45, include "color.h"
               15, include "vec3.h"
ray::ray():
      1, include "rtweekend.h"
          47, include "ray.h"
               19, Generating implicit acc routine seq
                   Generating implicit acc routine seq
                   Generating NVIDIA GPU code
ray::ray(vec3 const&, vec3 const&):
      1, include "rtweekend.h"
          47, include "ray.h"
               21, Generating implicit acc routine seq
                   Generating implicit acc routine seq
                   Generating NVIDIA GPU code
ray::origin() const:
      1, include "rtweekend.h"
          47, include "ray.h"
               23, Generating implicit acc routine seq
                   Generating implicit acc routine seq
                   Generating NVIDIA GPU code
ray::direction() const:
      1, include "rtweekend.h"
          47, include "ray.h"
               24, Generating implicit acc routine seq
                   Generating implicit acc routine seq
                   Generating NVIDIA GPU code
ray::at(double) const:
      1, include "rtweekend.h"
          47, include "ray.h"
               26, Generating implicit acc routine seq
                   Generating implicit acc routine seq
                   Generating NVIDIA GPU code
Material::reflectance(double, double):
      3, include "camera.h"
           4, include "hittable_list.h"
                7, include "hittable.h"
                     9, include "material.h"
                         21, Generating acc routine seq
                             Generating NVIDIA GPU code
Material::scatter(ray const&, vec3 const&, vec3 const&, bool, vec3&, ray&, unsigned int&) const:
      3, include "camera.h"
           4, include "hittable_list.h"
                7, include "hittable.h"
                     9, include "material.h"
                         30, Generating acc routine seq
                             Generating NVIDIA GPU code
Material::Material():
      3, include "camera.h"
           4, include "hittable_list.h"
                7, include "hittable.h"
                     9, include "material.h"
                         96, Generating implicit acc routine seq
                             Generating implicit acc routine seq
                             Generating NVIDIA GPU code
hit_record::set_face_normal(ray const&, vec3 const&):
      3, include "camera.h"
           4, include "hittable_list.h"
                7, include "hittable.h"
                    19, Generating acc routine seq
                        Generating NVIDIA GPU code
hit_record::hit_record():
      3, include "camera.h"
           4, include "hittable_list.h"
                7, include "hittable.h"
                    15, Generating implicit acc routine seq
                        Generating implicit acc routine seq
                        Generating NVIDIA GPU code
Sphere::hit(ray const&, interval, hit_record&) const:
      3, include "camera.h"
           4, include "hittable_list.h"
                9, include "sphere.h"
                    16, Generating acc routine seq
                        Generating NVIDIA GPU code
hittable_list::hittable_list(Sphere*, int):
      3, include "camera.h"
           4, include "hittable_list.h"
               16, Generating implicit acc routine seq
                   Generating implicit acc routine seq
                   Generating NVIDIA GPU code
hittable_list::hit(ray const&, interval, hit_record&) const:
      3, include "camera.h"
           4, include "hittable_list.h"
               19, Generating acc routine seq
                   Generating NVIDIA GPU code
camera::render(hittable_list const&):
      3, include "camera.h"
          42, Generating copyout(framebuffer[:total_pixels]) [if not already present]
              Generating copyin(spheres[:n_spheres]) [if not already present]
              Generating implicit firstprivate(total_pixels)
              Generating NVIDIA GPU code
              49, #pragma acc loop gang, vector(128) /* blockIdx.x threadIdx.x */
              57, #pragma acc loop seq
          42, Local memory used for ddv
              Generating update device(ddv)
              Local memory used for p00
              Generating update device(p00)
              Local memory used for pdu
              Generating update device(pdu,pdv)
              Local memory used for _T116_8157,ctr
              Generating update device(ctr)
              Local memory used for ddu
              Generating update device(ddu)
              Local memory used for .inl_.X8095_3909,pdv,.inl__T8_8095_3902,pixel_color,w,r
          57, Complex loop carried dependence of pixel_color.e prevents parallelization
              Loop carried dependence of pixel_color.e prevents parallelization
              Loop carried backward dependence of pixel_color.e prevents vectorization
          58, Reference argument passing prevents parallelization: seed
          60, Reference argument passing prevents parallelization: seed
camera::get_ray_d(int, int, vec3 const&, vec3 const&, vec3 const&, vec3 const&, double, vec3 const&, vec3 const&, unsigned int&):
      3, include "camera.h"
         118, Generating acc routine seq
              Generating NVIDIA GPU code
camera::ray_color_d(ray const&, int, hittable_list const&, unsigned int&):
      3, include "camera.h"
         136, Generating acc routine seq
              Generating NVIDIA GPU code
__gnu_cxx::__promote_2<double, int, __gnu_cxx::__promote<double, std::__is_integer<double>::__value>::__type, __gnu_cxx::__promote<int, std::__is_integer<int>::__value>::__type>::__type std::pow<double, int>(double, int):
      1, include "rtweekend.h"
           4, include "cmath"
               17, include "cmath"
                  1075, Generating implicit acc routine seq
                        Generating implicit acc routine seq
                        Generating NVIDIA GPU code
          47, include "ray.h"
Sphere* std::__relocate_a_1<Sphere*, Sphere*, std::allocator<Sphere>>(Sphere*, Sphere*, Sphere*, std::allocator<Sphere>&):
      1, include "rtweekend.h"
          47, include "ray.h"
[100%] Linking CXX executable inOneWeekend
nvc++-Warning- The -gpu=[no]managed option is deprecated; please use -gpu=mem:managed or -gpu=mem:separate instead
[100%] Built target inOneWeekend
Rendering 1200x675 @ 10 spp...
Done.

Accelerator Kernel Timing data
(unknown)
  (unknown)  NVIDIA  devicenum=0
    time(us): 15
    0: upload reached 1 time
        0: data copyin transfers: 1
             device time(us): total=15 max=15 min=15 avg=15
/projects/F202500010HPCVLABUMINHO/uminhocp015/EPICURE_HACK/raytracing-heterogeneous/src/InOneWeekend/camera.h
  _ZN6camera6renderERK13hittable_list  NVIDIA  devicenum=0
    time(us): 243,948
    42: compute region reached 1 time
        42: data copyin transfers: 7
             device time(us): total=62 max=19 min=5 avg=8
        42: kernel launched 1 time
            grid: [6329]  block: [128]
             device time(us): total=243,865 max=243,865 min=243,865 avg=243,865
            elapsed time(us): total=244,425 max=244,425 min=244,425 avg=244,425
        42: data copyout transfers: 1
             device time(us): total=21 max=21 min=21 avg=21
    42: data region reached 2 times
Wed Apr 29 01:02:30 WEST 2026
