
The following have been reloaded with a version change:
  1) GCCcore/13.3.0 => GCCcore/14.3.0
  2) zlib/1.3.1-GCCcore-13.3.0 => zlib/1.3.1-GCCcore-14.3.0

Job  : 1190432
Host : gnx513.deucalion.macc.fccn.pt
Dir  : /projects/F202500010HPCVLABUMINHO/uminhocp015/EPICURE_HACK/raytracing-heterogeneous
Wed Apr 29 01:19:21 WEST 2026
-- The CXX compiler identification is NVHPC 25.9.0
-- Detecting CXX compiler ABI info
-- Detecting CXX compiler ABI info - done
-- Check for working CXX compiler: /eb/x86_64/software/nvidia-compilers/25.9-CUDA-12.9.1/Linux_x86_64/25.9/compilers/bin/nvc++ - skipped
-- Detecting CXX compile features
-- Detecting CXX compile features - done
-- Compiler ID: NVHPC
-- Release flags: -fast -O3 -DNDEBUG
-- Debug flags: -g -O0
-- OpenACC Target: NVIDIA GPU (A100)
-- Configuring done (4.2s)
-- Generating done (0.0s)
-- Build files have been written to: /projects/F202500010HPCVLABUMINHO/uminhocp015/EPICURE_HACK/raytracing-heterogeneous/build
[ 50%] Building CXX object CMakeFiles/inOneWeekend.dir/src/InOneWeekend/main.cc.o
nvc++-Warning- The -gpu=[no]managed option is deprecated; please use -gpu=mem:managed or -gpu=mem:separate instead
degrees_to_radians(double):
      1, include "rtweekend.h"
          17, Generating acc routine seq
              Generating NVIDIA GPU code
random_double_gpu(unsigned int&):
      1, include "rtweekend.h"
          27, Generating acc routine seq
              Generating NVIDIA GPU code
random_double_gpu(unsigned int&, double, double):
      1, include "rtweekend.h"
          33, Generating acc routine seq
              Generating NVIDIA GPU code
random_double(double, double):
      1, include "rtweekend.h"
operator+(vec3 const&, vec3 const&):
      1, include "rtweekend.h"
          45, include "color.h"
               15, include "vec3.h"
                    45, Generating implicit acc routine seq
                        Generating implicit acc routine seq
                        Generating NVIDIA GPU code
operator-(vec3 const&, vec3 const&):
      1, include "rtweekend.h"
          45, include "color.h"
               15, include "vec3.h"
                    48, Generating implicit acc routine seq
                        Generating implicit acc routine seq
                        Generating NVIDIA GPU code
operator*(vec3 const&, vec3 const&):
      1, include "rtweekend.h"
          45, include "color.h"
               15, include "vec3.h"
                    51, Generating implicit acc routine seq
                        Generating implicit acc routine seq
                        Generating NVIDIA GPU code
operator*(double, vec3 const&):
      1, include "rtweekend.h"
          45, include "color.h"
               15, include "vec3.h"
                    54, Generating implicit acc routine seq
                        Generating implicit acc routine seq
                        Generating NVIDIA GPU code
operator/(vec3 const&, double):
      1, include "rtweekend.h"
          45, include "color.h"
               15, include "vec3.h"
                    58, Generating implicit acc routine seq
                        Generating implicit acc routine seq
                        Generating NVIDIA GPU code
dot(vec3 const&, vec3 const&):
      1, include "rtweekend.h"
          45, include "color.h"
               15, include "vec3.h"
                    60, Generating implicit acc routine seq
                        Generating implicit acc routine seq
                        Generating NVIDIA GPU code
cross(vec3 const&, vec3 const&):
      1, include "rtweekend.h"
unit_vector(vec3 const&):
      1, include "rtweekend.h"
          45, include "color.h"
               15, include "vec3.h"
                    68, Generating implicit acc routine seq
                        Generating implicit acc routine seq
                        Generating NVIDIA GPU code
reflect(vec3 const&, vec3 const&):
      1, include "rtweekend.h"
          45, include "color.h"
               15, include "vec3.h"
                    70, Generating implicit acc routine seq
                        Generating implicit acc routine seq
                        Generating NVIDIA GPU code
refract(vec3 const&, vec3 const&, double):
      1, include "rtweekend.h"
          45, include "color.h"
               15, include "vec3.h"
                    73, Generating implicit acc routine seq
                        Generating implicit acc routine seq
                        Generating NVIDIA GPU code
random_in_unit_disk_gpu(unsigned int&):
      1, include "rtweekend.h"
          45, include "color.h"
               15, include "vec3.h"
                    82, Generating acc routine seq
                        Generating NVIDIA GPU code
random_unit_vector_gpu(unsigned int&):
      1, include "rtweekend.h"
          45, include "color.h"
               15, include "vec3.h"
                    90, Generating acc routine seq
                        Generating NVIDIA GPU code
interval::interval(double, double):
      1, include "rtweekend.h"
          45, include "color.h"
               14, include "interval.h"
                    20, Generating acc routine seq
                        Generating NVIDIA GPU code
interval::interval(double, double):
     20, Generating acc routine seq
         Generating NVIDIA GPU code
interval::surrounds(double) const:
      1, include "rtweekend.h"
          45, include "color.h"
               14, include "interval.h"
                    33, Generating acc routine seq
                        Generating NVIDIA GPU code
interval::clamp(double) const:
      1, include "rtweekend.h"
          45, include "color.h"
               14, include "interval.h"
                    38, Generating acc routine seq
                        Generating NVIDIA GPU code
vec3::vec3():
      1, include "rtweekend.h"
          45, include "color.h"
               15, include "vec3.h"
                     8, Generating implicit acc routine seq
                        Generating implicit acc routine seq
                        Generating NVIDIA GPU code
vec3::vec3(double, double, double):
      1, include "rtweekend.h"
          45, include "color.h"
               15, include "vec3.h"
                     9, Generating implicit acc routine seq
                        Generating implicit acc routine seq
                        Generating NVIDIA GPU code
vec3::x() const:
      1, include "rtweekend.h"
          45, include "color.h"
               15, include "vec3.h"
                    11, Generating implicit acc routine seq
                        Generating implicit acc routine seq
                        Generating NVIDIA GPU code
vec3::y() const:
      1, include "rtweekend.h"
          45, include "color.h"
               15, include "vec3.h"
                    12, Generating implicit acc routine seq
                        Generating implicit acc routine seq
                        Generating NVIDIA GPU code
vec3::operator-() const:
      1, include "rtweekend.h"
          45, include "color.h"
               15, include "vec3.h"
                    15, Generating implicit acc routine seq
                        Generating implicit acc routine seq
                        Generating NVIDIA GPU code
vec3::operator[](int):
      1, include "rtweekend.h"
          45, include "color.h"
               15, include "vec3.h"
                    17, Generating implicit acc routine seq
                        Generating implicit acc routine seq
                        Generating NVIDIA GPU code
vec3::operator+=(vec3 const&):
      1, include "rtweekend.h"
          45, include "color.h"
               15, include "vec3.h"
                    19, Generating implicit acc routine seq
                        Generating implicit acc routine seq
                        Generating NVIDIA GPU code
vec3::length() const:
      1, include "rtweekend.h"
          45, include "color.h"
               15, include "vec3.h"
                    26, Generating implicit acc routine seq
                        Generating implicit acc routine seq
                        Generating NVIDIA GPU code
vec3::length_squared() const:
      1, include "rtweekend.h"
          45, include "color.h"
               15, include "vec3.h"
                    27, Generating implicit acc routine seq
                        Generating implicit acc routine seq
                        Generating NVIDIA GPU code
vec3::near_zero() const:
      1, include "rtweekend.h"
          45, include "color.h"
               15, include "vec3.h"
                    29, Generating implicit acc routine seq
                        Generating implicit acc routine seq
                        Generating NVIDIA GPU code
vec3::random(double, double):
      1, include "rtweekend.h"
          45, include "color.h"
               15, include "vec3.h"
ray::ray():
      1, include "rtweekend.h"
          47, include "ray.h"
               19, Generating implicit acc routine seq
                   Generating implicit acc routine seq
                   Generating NVIDIA GPU code
ray::ray(vec3 const&, vec3 const&):
      1, include "rtweekend.h"
          47, include "ray.h"
               21, Generating implicit acc routine seq
                   Generating implicit acc routine seq
                   Generating NVIDIA GPU code
ray::origin() const:
      1, include "rtweekend.h"
          47, include "ray.h"
               23, Generating implicit acc routine seq
                   Generating implicit acc routine seq
                   Generating NVIDIA GPU code
ray::direction() const:
      1, include "rtweekend.h"
          47, include "ray.h"
               24, Generating implicit acc routine seq
                   Generating implicit acc routine seq
                   Generating NVIDIA GPU code
ray::at(double) const:
      1, include "rtweekend.h"
          47, include "ray.h"
               26, Generating implicit acc routine seq
                   Generating implicit acc routine seq
                   Generating NVIDIA GPU code
Material::reflectance(double, double):
      3, include "camera.h"
           4, include "hittable_list.h"
                7, include "hittable.h"
                     9, include "material.h"
                         21, Generating acc routine seq
                             Generating NVIDIA GPU code
Material::scatter(ray const&, vec3 const&, vec3 const&, bool, vec3&, ray&, unsigned int&) const:
      3, include "camera.h"
           4, include "hittable_list.h"
                7, include "hittable.h"
                     9, include "material.h"
                         30, Generating acc routine seq
                             Generating NVIDIA GPU code
Material::Material():
      3, include "camera.h"
           4, include "hittable_list.h"
                7, include "hittable.h"
                     9, include "material.h"
                         96, Generating implicit acc routine seq
                             Generating implicit acc routine seq
                             Generating NVIDIA GPU code
hit_record::set_face_normal(ray const&, vec3 const&):
      3, include "camera.h"
           4, include "hittable_list.h"
                7, include "hittable.h"
                    19, Generating acc routine seq
                        Generating NVIDIA GPU code
hit_record::hit_record():
      3, include "camera.h"
           4, include "hittable_list.h"
                7, include "hittable.h"
                    15, Generating implicit acc routine seq
                        Generating implicit acc routine seq
                        Generating NVIDIA GPU code
Sphere::hit(ray const&, interval, hit_record&) const:
      3, include "camera.h"
           4, include "hittable_list.h"
                9, include "sphere.h"
                    16, Generating acc routine seq
                        Generating NVIDIA GPU code
hittable_list::hittable_list(Sphere*, int):
      3, include "camera.h"
           4, include "hittable_list.h"
               16, Generating implicit acc routine seq
                   Generating implicit acc routine seq
                   Generating NVIDIA GPU code
hittable_list::hit(ray const&, interval, hit_record&) const:
      3, include "camera.h"
           4, include "hittable_list.h"
               19, Generating acc routine seq
                   Generating NVIDIA GPU code
camera::render(hittable_list const&):
      3, include "camera.h"
          42, Generating copyout(framebuffer[:total_pixels]) [if not already present]
              Generating implicit copyin(std::clog (.__vptr[-3])) [if not already present]
              Generating implicit firstprivate(total_pixels)
              Generating NVIDIA GPU code
              49, #pragma acc loop gang, vector(128) /* blockIdx.x threadIdx.x */
              57, #pragma acc loop seq
          42, Local memory used for ddv
              Generating update device(ddv)
              Local memory used for p00
              Generating update device(p00)
              Local memory used for pdu
              Generating update device(pdv,pdu)
              Local memory used for _T116_8157,ctr
              Generating update device(ctr)
              Local memory used for ddu
              Generating update device(ddu)
              Local memory used for .inl_.X8095_3947,pdv,.inl__T8_8095_3940,pixel_color,w,r
              Generating implicit copyin(this[:]) [if not already present]
              Generating copyin(spheres[:n_spheres]) [if not already present]
              Generating implicit copy(std::clog) [if not already present]
          57, Complex loop carried dependence of pixel_color.e prevents parallelization
              Loop carried dependence of pixel_color.e prevents parallelization
              Loop carried backward dependence of pixel_color.e prevents vectorization
          58, Reference argument passing prevents parallelization: seed
          60, Reference argument passing prevents parallelization: seed
camera::get_ray_d(int, int, vec3 const&, vec3 const&, vec3 const&, vec3 const&, double, vec3 const&, vec3 const&, unsigned int&):
      3, include "camera.h"
         118, Generating acc routine seq
              Generating NVIDIA GPU code
camera::ray_color_d(ray const&, int, hittable_list const&, unsigned int&):
      3, include "camera.h"
         136, Generating acc routine seq
              Generating NVIDIA GPU code
std::char_traits<char>::length(char const*):
      1, include "rtweekend.h"
           6, include "iostream"
               41, include "ostream"
                    40, include "ios"
                         42, include "char_traits.h"
                             386, Generating implicit acc routine seq
                                  Generating implicit acc routine seq
                                  Generating NVIDIA GPU code
          47, include "ray.h"
std::ios_base::width() const:
      1, include "rtweekend.h"
           6, include "iostream"
               41, include "ostream"
                    40, include "ios"
                         44, include "ios_base.h"
                             776, Generating implicit acc routine seq
                                  Generating implicit acc routine seq
                                  Generating NVIDIA GPU code
          47, include "ray.h"
std::basic_ios<char, std::char_traits<char>>::rdstate() const:
      1, include "rtweekend.h"
           6, include "iostream"
               41, include "ostream"
                    40, include "ios"
                         46, include "basic_ios.h"
                             142, Generating implicit acc routine seq
                                  Generating implicit acc routine seq
                                  Generating NVIDIA GPU code
          47, include "ray.h"
std::basic_ios<char, std::char_traits<char>>::setstate(std::_Ios_Iostate):
      1, include "rtweekend.h"
           6, include "iostream"
               41, include "ostream"
                    40, include "ios"
                         46, include "basic_ios.h"
                             162, Generating implicit acc routine seq
                                  Generating implicit acc routine seq
                                  Generating NVIDIA GPU code
          47, include "ray.h"
std::ostream::operator<<(std::ostream& (*)(std::ostream&)):
      1, include "rtweekend.h"
           6, include "iostream"
               41, include "ostream"
                   121, Accelerator restriction: Indirect function/procedure calls are not supported
          47, include "ray.h"
std::operator|(std::_Ios_Iostate, std::_Ios_Iostate):
      1, include "rtweekend.h"
           6, include "iostream"
               41, include "ostream"
                    40, include "ios"
                         44, include "ios_base.h"
                             187, Generating implicit acc routine seq
                                  Generating implicit acc routine seq
                                  Generating NVIDIA GPU code
                         46, include "basic_ios.h"
          47, include "ray.h"
std::basic_ostream<char, std::char_traits<char>>& std::flush<char, std::char_traits<char>>(std::basic_ostream<char, std::char_traits<char>>&):
      1, include "rtweekend.h"
           6, include "iostream"
               41, include "ostream"
                   767, Generating implicit acc routine seq
                        Generating implicit acc routine seq
                        Generating NVIDIA GPU code
          47, include "ray.h"
std::basic_ostream<char, std::char_traits<char>>& std::operator<<<std::char_traits<char>>(std::basic_ostream<char, std::char_traits<char>>&, char):
      1, include "rtweekend.h"
           6, include "iostream"
               41, include "ostream"
                   580, Generating implicit acc routine seq
                        Generating implicit acc routine seq
                        Generating NVIDIA GPU code
          47, include "ray.h"
std::basic_ostream<char, std::char_traits<char>>& std::operator<<<std::char_traits<char>>(std::basic_ostream<char, std::char_traits<char>>&, char const*):
      1, include "rtweekend.h"
           6, include "iostream"
               41, include "ostream"
                   672, Generating implicit acc routine seq
                        Generating implicit acc routine seq
                        Generating NVIDIA GPU code
          47, include "ray.h"
__gnu_cxx::__promote_2<double, int, __gnu_cxx::__promote<double, std::__is_integer<double>::__value>::__type, __gnu_cxx::__promote<int, std::__is_integer<int>::__value>::__type>::__type std::pow<double, int>(double, int):
      1, include "rtweekend.h"
           4, include "cmath"
               17, include "cmath"
                  1075, Generating implicit acc routine seq
                        Generating implicit acc routine seq
                        Generating NVIDIA GPU code
           6, include "iostream"
          47, include "ray.h"
Sphere* std::__relocate_a_1<Sphere*, Sphere*, std::allocator<Sphere>>(Sphere*, Sphere*, Sphere*, std::allocator<Sphere>&):
      1, include "rtweekend.h"
          47, include "ray.h"
[100%] Linking CXX executable inOneWeekend
nvc++-Warning- The -gpu=[no]managed option is deprecated; please use -gpu=mem:managed or -gpu=mem:separate instead
nvlink error   : Undefined reference to '_ZNSo5flushEv' in 'CMakeFiles/inOneWeekend.dir/src/InOneWeekend/main.cc.o'
nvlink error   : Undefined reference to '_ZNSo3putEc' in 'CMakeFiles/inOneWeekend.dir/src/InOneWeekend/main.cc.o'
nvlink error   : Undefined reference to '_ZNSolsEi' in 'CMakeFiles/inOneWeekend.dir/src/InOneWeekend/main.cc.o'
nvlink error   : Undefined reference to '_ZSt16__ostream_insertIcSt11char_traitsIcEERSt13basic_ostreamIT_T0_ES6_PKS3_l' in 'CMakeFiles/inOneWeekend.dir/src/InOneWeekend/main.cc.o'
nvlink error   : Undefined reference to 'strlen' in 'CMakeFiles/inOneWeekend.dir/src/InOneWeekend/main.cc.o'
nvlink error   : Undefined reference to '_ZNSt9basic_iosIcSt11char_traitsIcEE5clearESt12_Ios_Iostate' in 'CMakeFiles/inOneWeekend.dir/src/InOneWeekend/main.cc.o'
pgacclnk: child process exit status 2: /share/apps-x86/ohpc/easybuild/software/rocky/8.5/amd/zen2/software/nvidia-compilers/25.9-CUDA-12.9.1/Linux_x86_64/25.9/compilers/bin/tools/nvdd
gmake[2]: *** [CMakeFiles/inOneWeekend.dir/build.make:97: inOneWeekend] Error 2
gmake[1]: *** [CMakeFiles/Makefile2:83: CMakeFiles/inOneWeekend.dir/all] Error 2
gmake: *** [Makefile:91: all] Error 2
/var/spool/slurm/d/job1190432/slurm_script: line 28: ./build/inOneWeekend: No such file or directory
Wed Apr 29 01:19:34 WEST 2026
